[
    {
        "package": "github.com/kyroy/gochecks/test/cases/subpkgs/p1",
        "test": "TestO",
        "output": [
            "=== RUN   TestO\n",
            "--- FAIL: TestO (0.00s)\n"
        ],
        "result": "fail",
        "elapsed": 0,
        "coverage": 0
    },
    {
        "package": "github.com/kyroy/gochecks/test/cases/subpkgs/p1",
        "output": [
            "FAIL\n",
            "FAIL\tgithub.com/kyroy/gochecks/test/cases/subpkgs/p1\t0.008s\n"
        ],
        "result": "fail",
        "elapsed": 8000000,
        "coverage": 0
    },
    {
        "package": "github.com/kyroy/gochecks/test/cases/subpkgs",
        "test": "TestF",
        "output": [
            "=== RUN   TestF\n",
            "--- PASS: TestF (0.00s)\n"
        ],
        "result": "pass",
        "elapsed": 0,
        "coverage": 0
    },
    {
        "package": "github.com/kyroy/gochecks/test/cases/subpkgs",
        "output": [
            "PASS\n",
            "ok  \tgithub.com/kyroy/gochecks/test/cases/subpkgs\t0.008s\n"
        ],
        "result": "pass",
        "elapsed": 11000000,
        "coverage": 0
    },
    {
        "package": "github.com/kyroy/gochecks/test/cases/subpkgs/p2",
        "test": "TestTwo",
        "output": [
            "=== RUN   TestTwo\n",
            "--- FAIL: TestTwo (0.00s)\n",
            "    m_test.go:6: failed test two\n"
        ],
        "result": "fail",
        "elapsed": 0,
        "line": "m_test.go:6",
        "coverage": 0
    },
    {
        "package": "github.com/kyroy/gochecks/test/cases/subpkgs/p2",
        "output": [
            "FAIL\n",
            "FAIL\tgithub.com/kyroy/gochecks/test/cases/subpkgs/p2\t0.006s\n"
        ],
        "result": "fail",
        "elapsed": 6000000,
        "coverage": 0
    }
]